I0000 00:00:1777577777.435841 13835166 init-domain.cc:128] Fiber init: default domain = pthread, concurrency = 8, prefix = pthread-default
I0000 00:00:1777577777.512346 13835166 gl_context.cc:407] GL version: 2.1 (2.1 Metal - 89.4), renderer: Apple M1 Pro
INFO: Created TensorFlow Lite XNNPACK delegate for CPU.
W0000 00:00:1777577777.518750 13835170 inference_feedback_manager.cc:121] Feedback manager requires a model with a single signature inference. Disabling support for feedback tensors.
W0000 00:00:1777577777.524589 13835170 inference_feedback_manager.cc:121] Feedback manager requires a model with a single signature inference. Disabling support for feedback tensors.
✅ index.html found
🌐 Starting Flask server...
 * Serving Flask app 'hand'
 * Debug mode: off
Address already in use
Port 5000 is in use by another program. Either identify and stop that program, or start the server with a different port.
On macOS, try searching for and disabling 'AirPlay Receiver' in System Settings.
W0000 00:00:1777577779.933750 13835168 landmark_projection_calculator.cc:81] Using NORM_RECT without IMAGE_DIMENSIONS is only supported for the square ROI. Provide IMAGE_DIMENSIONS or use PROJECTION_MATRIX.
🚀 Hand Controller Started!
🌐 Open: http://localhost:5000/
🎮 Move your hand in front of the camera
⎋ Press ESC to quit
📷 Camera opened successfully
✅ Detected 1 hand(s)
   Landmarks count: 21
✅ Detected 1 hand(s)
   Landmarks count: 21
✅ Detected 1 hand(s)
   Landmarks count: 21
✅ Detected 1 hand(s)
   Landmarks count: 21
✅ Detected 1 hand(s)
   Landmarks count: 21
✅ Detected 1 hand(s)
   Landmarks count: 21
✅ Detected 1 hand(s)
   Landmarks count: 21
✅ Detected 1 hand(s)
   Landmarks count: 21
✅ Detected 1 hand(s)
   Landmarks count: 21
✅ Detected 1 hand(s)
   Landmarks count: 21
✅ Detected 1 hand(s)
   Landmarks count: 21
✅ Detected 1 hand(s)
   Landmarks count: 21
✅ Detected 1 hand(s)
   Landmarks count: 21
✅ Detected 1 hand(s)
   Landmarks count: 21
✅ Detected 1 hand(s)
   Landmarks count: 21
✅ Detected 1 hand(s)
   Landmarks count: 21
✅ Detected 1 hand(s)
   Landmarks count: 21
✅ Detected 1 hand(s)
   Landmarks count: 21
✅ Detected 1 hand(s)
   Landmarks count: 21
✅ Detected 1 hand(s)
   Landmarks count: 21
✅ Detected 1 hand(s)
   Landmarks count: 21
✅ Detected 1 hand(s)
   Landmarks count: 21
✅ Detected 1 hand(s)
   Landmarks count: 21
✅ Detected 1 hand(s)
   Landmarks count: 21
✅ Detected 1 hand(s)
   Landmarks count: 21
✅ Detected 1 hand(s)
   Landmarks count: 21
✅ Detected 1 hand(s)
   Landmarks count: 21
✅ Detected 1 hand(s)
   Landmarks count: 21
✅ Detected 1 hand(s)
   Landmarks count: 21
✅ Detected 1 hand(s)
   Landmarks count: 21
✅ Detected 1 hand(s)
   Landmarks count: 21
✅ Detected 1 hand(s)
   Landmarks count: 21
✅ Detected 1 hand(s)
   Landmarks count: 21
✅ Detected 1 hand(s)
   Landmarks count: 21
✅ Detected 1 hand(s)
   Landmarks count: 21
✅ Detected 1 hand(s)
   Landmarks count: 21
✅ Detected 1 hand(s)
   Landmarks count: 21
✅ Detected 1 hand(s)
   Landmarks count: 21
✅ Detected 1 hand(s)
   Landmarks count: 21
✅ Detected 1 hand(s)
   Landmarks count: 21
✅ Detected 1 hand(s)
   Landmarks count: 21
✅ Detected 1 hand(s)
   Landmarks count: 21
✅ Detected 1 hand(s)
   Landmarks count: 21
✅ Detected 1 hand(s)
   Landmarks count: 21
✅ Detected 1 hand(s)
   Landmarks count: 21
✅ Detected 1 hand(s)
   Landmarks count: 21
✅ Detected 1 hand(s)
   Landmarks count: 21
✅ Detected 1 hand(s)
   Landmarks count: 21
✅ Detected 1 hand(s)
   Landmarks count: 21
✅ Detected 1 hand(s)
   Landmarks count: 21
✅ Detected 1 hand(s)
   Landmarks count: 21
✅ Detected 1 hand(s)
   Landmarks count: 21
✅ Detected 1 hand(s)
   Landmarks count: 21
✅ Detected 1 hand(s)
   Landmarks count: 21
✅ Detected 1 hand(s)
   Landmarks count: 21
✅ Detected 1 hand(s)
   Landmarks count: 21
✅ Detected 1 hand(s)
   Landmarks count: 21
✅ Detected 1 hand(s)
   Landmarks count: 21
✅ Detected 1 hand(s)
   Landmarks count: 21
✅ Detected 1 hand(s)
   Landmarks count: 21
✅ Detected 1 hand(s)
   Landmarks count: 21
✅ Detected 1 hand(s)
   Landmarks count: 21
✅ Detected 1 hand(s)
   Landmarks count: 21
✅ Detected 1 hand(s)
   Landmarks count: 21
✅ Detected 1 hand(s)
   Landmarks count: 21
✅ Detected 1 hand(s)
   Landmarks count: 21
✅ Detected 1 hand(s)
   Landmarks count: 21
✅ Detected 1 hand(s)
   Landmarks count: 21
✅ Detected 1 hand(s)
   Landmarks count: 21
✅ Detected 1 hand(s)
   Landmarks count: 21
✅ Detected 1 hand(s)
   Landmarks count: 21
✅ Detected 1 hand(s)
   Landmarks count: 21
✅ Detected 1 hand(s)
   Landmarks count: 21
✅ Detected 1 hand(s)
   Landmarks count: 21
✅ Detected 1 hand(s)
   Landmarks count: 21
✅ Detected 1 hand(s)
   Landmarks count: 21
✅ Detected 1 hand(s)
   Landmarks count: 21
✅ Detected 1 hand(s)
   Landmarks count: 21
✅ Detected 1 hand(s)
   Landmarks count: 21
✅ Detected 1 hand(s)
   Landmarks count: 21
✅ Detected 1 hand(s)
   Landmarks count: 21
✅ Detected 1 hand(s)
   Landmarks count: 21
✅ Detected 1 hand(s)
   Landmarks count: 21
✅ Detected 1 hand(s)
   Landmarks count: 21
✅ Detected 1 hand(s)
   Landmarks count: 21
✅ Detected 1 hand(s)
   Landmarks count: 21
✅ Detected 1 hand(s)
   Landmarks count: 21
✅ Detected 1 hand(s)
   Landmarks count: 21
✅ Detected 1 hand(s)
   Landmarks count: 21
✅ Detected 1 hand(s)
   Landmarks count: 21
✅ Detected 1 hand(s)
   Landmarks count: 21
✅ Detected 1 hand(s)
   Landmarks count: 21
✅ Detected 1 hand(s)
   Landmarks count: 21
✅ Detected 1 hand(s)
   Landmarks count: 21
✅ Detected 1 hand(s)
   Landmarks count: 21
✅ Detected 1 hand(s)
   Landmarks count: 21
✅ Detected 1 hand(s)
   Landmarks count: 21
✅ Detected 1 hand(s)
   Landmarks count: 21
✅ Detected 1 hand(s)
   Landmarks count: 21
✅ Detected 1 hand(s)
   Landmarks count: 21
✅ Detected 1 hand(s)
   Landmarks count: 21
✅ Detected 1 hand(s)
   Landmarks count: 21
✅ Detected 1 hand(s)
   Landmarks count: 21
✅ Detected 1 hand(s)
   Landmarks count: 21
✅ Detected 1 hand(s)
   Landmarks count: 21
✅ Detected 1 hand(s)
   Landmarks count: 21
✅ Detected 1 hand(s)
   Landmarks count: 21
✅ Detected 1 hand(s)
   Landmarks count: 21
✅ Detected 1 hand(s)
   Landmarks count: 21
✅ Detected 1 hand(s)
   Landmarks count: 21
✅ Detected 1 hand(s)
   Landmarks count: 21
✅ Detected 1 hand(s)
   Landmarks count: 21
✅ Detected 1 hand(s)
   Landmarks count: 21
✅ Detected 1 hand(s)
   Landmarks count: 21
✅ Detected 1 hand(s)
   Landmarks count: 21
✅ Detected 1 hand(s)
   Landmarks count: 21
✅ Detected 1 hand(s)
   Landmarks count: 21
✅ Detected 1 hand(s)
   Landmarks count: 21
✅ Detected 1 hand(s)
   Landmarks count: 21
✅ Detected 1 hand(s)
   Landmarks count: 21
✅ Detected 1 hand(s)
   Landmarks count: 21
✅ Detected 1 hand(s)
   Landmarks count: 21
✅ Detected 1 hand(s)
   Landmarks count: 21
✅ Detected 1 hand(s)
   Landmarks count: 21
✅ Detected 1 hand(s)
   Landmarks count: 21
✅ Detected 1 hand(s)
   Landmarks count: 21
✅ Detected 1 hand(s)
   Landmarks count: 21
✅ Detected 1 hand(s)
   Landmarks count: 21
✅ Detected 1 hand(s)
   Landmarks count: 21
✅ Detected 1 hand(s)
   Landmarks count: 21
✅ Detected 1 hand(s)
   Landmarks count: 21
✅ Detected 1 hand(s)
   Landmarks count: 21
✅ Detected 1 hand(s)
   Landmarks count: 21
✅ Detected 1 hand(s)
   Landmarks count: 21
✅ Detected 1 hand(s)
   Landmarks count: 21
✅ Detected 1 hand(s)
   Landmarks count: 21
✅ Detected 1 hand(s)
   Landmarks count: 21
✅ Detected 1 hand(s)
   Landmarks count: 21
✅ Detected 1 hand(s)
   Landmarks count: 21
✅ Detected 1 hand(s)
   Landmarks count: 21
✅ Detected 1 hand(s)
   Landmarks count: 21
✅ Detected 1 hand(s)
   Landmarks count: 21
✅ Detected 1 hand(s)
   Landmarks count: 21
✅ Detected 1 hand(s)
   Landmarks count: 21
✅ Detected 1 hand(s)
   Landmarks count: 21
✅ Detected 1 hand(s)
   Landmarks count: 21
✅ Detected 1 hand(s)
   Landmarks count: 21
✅ Detected 1 hand(s)
   Landmarks count: 21
✅ Detected 1 hand(s)
   Landmarks count: 21
✅ Detected 1 hand(s)
   Landmarks count: 21
✅ Detected 1 hand(s)
   Landmarks count: 21
✅ Detected 1 hand(s)
   Landmarks count: 21
✅ Detected 1 hand(s)
   Landmarks count: 21
✅ Detected 1 hand(s)
   Landmarks count: 21
✅ Detected 1 hand(s)
   Landmarks count: 21
✅ Detected 1 hand(s)
   Landmarks count: 21
✅ Detected 1 hand(s)
   Landmarks count: 21
✅ Detected 1 hand(s)
   Landmarks count: 21
✅ Detected 1 hand(s)
   Landmarks count: 21
✅ Detected 1 hand(s)
   Landmarks count: 21
✅ Detected 1 hand(s)
   Landmarks count: 21
✅ Detected 1 hand(s)
   Landmarks count: 21
✅ Detected 1 hand(s)
   Landmarks count: 21
✅ Detected 1 hand(s)
   Landmarks count: 21
✅ Detected 1 hand(s)
   Landmarks count: 21
✅ Detected 1 hand(s)
   Landmarks count: 21
✅ Detected 1 hand(s)
   Landmarks count: 21
✅ Detected 1 hand(s)
   Landmarks count: 21
✅ Detected 1 hand(s)
   Landmarks count: 21
✅ Detected 1 hand(s)
   Landmarks count: 21
✅ Detected 1 hand(s)
   Landmarks count: 21
✅ Detected 1 hand(s)
   Landmarks count: 21
✅ Detected 1 hand(s)
   Landmarks count: 21
✅ Detected 1 hand(s)
   Landmarks count: 21
✅ Detected 1 hand(s)
   Landmarks count: 21
✅ Detected 1 hand(s)
   Landmarks count: 21
✅ Detected 1 hand(s)
   Landmarks count: 21
✅ Detected 1 hand(s)
   Landmarks count: 21
✅ Detected 1 hand(s)
   Landmarks count: 21
✅ Detected 1 hand(s)
   Landmarks count: 21
✅ Detected 1 hand(s)
   Landmarks count: 21
✅ Detected 1 hand(s)
   Landmarks count: 21
✅ Detected 1 hand(s)
   Landmarks count: 21
✅ Detected 1 hand(s)
   Landmarks count: 21
✅ Detected 1 hand(s)
   Landmarks count: 21
✅ Detected 1 hand(s)
   Landmarks count: 21
✅ Detected 1 hand(s)
   Landmarks count: 21
✅ Detected 1 hand(s)
   Landmarks count: 21
✅ Detected 1 hand(s)
   Landmarks count: 21
✅ Detected 1 hand(s)
   Landmarks count: 21
✅ Detected 1 hand(s)
   Landmarks count: 21
✅ Detected 1 hand(s)
   Landmarks count: 21
✅ Detected 1 hand(s)
   Landmarks count: 21
✅ Detected 1 hand(s)
   Landmarks count: 21
✅ Detected 1 hand(s)
   Landmarks count: 21
✅ Detected 1 hand(s)
   Landmarks count: 21
✅ Detected 1 hand(s)
   Landmarks count: 21
✅ Detected 1 hand(s)
   Landmarks count: 21
✅ Detected 1 hand(s)
   Landmarks count: 21
✅ Detected 1 hand(s)
   Landmarks count: 21
✅ Detected 1 hand(s)
   Landmarks count: 21
✅ Detected 1 hand(s)
   Landmarks count: 21
✅ Detected 1 hand(s)
   Landmarks count: 21
✅ Detected 1 hand(s)
   Landmarks count: 21
✅ Detected 1 hand(s)
   Landmarks count: 21
✅ Detected 1 hand(s)
   Landmarks count: 21
✅ Detected 1 hand(s)
   Landmarks count: 21
✅ Detected 1 hand(s)
   Landmarks count: 21
✅ Detected 1 hand(s)
   Landmarks count: 21
✅ Detected 1 hand(s)
   Landmarks count: 21
✅ Detected 1 hand(s)
   Landmarks count: 21
✅ Detected 1 hand(s)
   Landmarks count: 21
✅ Detected 1 hand(s)
   Landmarks count: 21
✅ Detected 1 hand(s)
   Landmarks count: 21
✅ Detected 1 hand(s)
   Landmarks count: 21
✅ Detected 1 hand(s)
   Landmarks count: 21
✅ Detected 1 hand(s)
   Landmarks count: 21
✅ Detected 1 hand(s)
   Landmarks count: 21
✅ Detected 1 hand(s)
   Landmarks count: 21
✅ Detected 1 hand(s)
   Landmarks count: 21
✅ Detected 1 hand(s)
   Landmarks count: 21
✅ Detected 1 hand(s)
   Landmarks count: 21
✅ Detected 1 hand(s)
   Landmarks count: 21
✅ Detected 1 hand(s)
   Landmarks count: 21
✅ Detected 1 hand(s)
   Landmarks count: 21
✅ Detected 1 hand(s)
   Landmarks count: 21
✅ Detected 1 hand(s)
   Landmarks count: 21
✅ Detected 1 hand(s)
   Landmarks count: 21
✅ Detected 1 hand(s)
   Landmarks count: 21
✅ Detected 1 hand(s)
   Landmarks count: 21
✅ Detected 1 hand(s)
   Landmarks count: 21
✅ Detected 1 hand(s)
   Landmarks count: 21
✅ Detected 1 hand(s)
   Landmarks count: 21
✅ Detected 1 hand(s)
   Landmarks count: 21
✅ Detected 1 hand(s)
   Landmarks count: 21
✅ Detected 1 hand(s)
   Landmarks count: 21
✅ Detected 1 hand(s)
   Landmarks count: 21
✅ Detected 1 hand(s)
   Landmarks count: 21
✅ Detected 1 hand(s)
   Landmarks count: 21
✅ Detected 1 hand(s)
   Landmarks count: 21
✅ Detected 1 hand(s)
   Landmarks count: 21
✅ Detected 1 hand(s)
   Landmarks count: 21
✅ Detected 1 hand(s)
   Landmarks count: 21
✅ Detected 1 hand(s)
   Landmarks count: 21
✅ Detected 1 hand(s)
   Landmarks count: 21
✅ Detected 1 hand(s)
   Landmarks count: 21
✅ Detected 1 hand(s)
   Landmarks count: 21
✅ Detected 1 hand(s)
   Landmarks count: 21
✅ Detected 1 hand(s)
   Landmarks count: 21
✅ Detected 1 hand(s)
   Landmarks count: 21
✅ Detected 1 hand(s)
   Landmarks count: 21
✅ Detected 1 hand(s)
   Landmarks count: 21
✅ Detected 1 hand(s)
   Landmarks count: 21
✅ Detected 1 hand(s)
   Landmarks count: 21
✅ Detected 1 hand(s)
   Landmarks count: 21
✅ Detected 1 hand(s)
   Landmarks count: 21
✅ Detected 1 hand(s)
   Landmarks count: 21
✅ Detected 1 hand(s)
   Landmarks count: 21
✅ Detected 1 hand(s)
   Landmarks count: 21
✅ Detected 1 hand(s)
   Landmarks count: 21
✅ Detected 1 hand(s)
   Landmarks count: 21
✅ Detected 1 hand(s)
   Landmarks count: 21
✅ Detected 1 hand(s)
   Landmarks count: 21
✅ Detected 1 hand(s)
   Landmarks count: 21
✅ Detected 1 hand(s)
   Landmarks count: 21
✅ Detected 1 hand(s)
   Landmarks count: 21
✅ Detected 1 hand(s)
   Landmarks count: 21
✅ Detected 1 hand(s)
   Landmarks count: 21
✅ Detected 1 hand(s)
   Landmarks count: 21

🛑 ESC pressed - shutting down...
🎥 Camera released
👋 Application closed
